2026-09-28 15:02:39,167 INFO Fetching 36 movers symbols
2026-09-28 15:02:41,689 INFO Volatility screen >= 3.0%: kept 34 of 36 symbols
2026-09-28 15:02:41,690 INFO Entry: style=level slippage=0.250%
2026-09-28 15:02:41,690 INFO Single-config validation run (no search): base10_sq4.0_vol1.0_atr0.0
2026-09-28 15:02:41,690 INFO Scoring 1 breakout configurations
2026-09-28 15:02:43,130 INFO   base10_sq4.0_vol1.0_atr0.0         n=205  exp=+0.2839R  positive 4/4
2026-09-28 15:02:43,130 INFO --only: one config, no selection, filter skipped
2026-09-28 15:02:43,130 INFO Winner base10_sq4.0_vol1.0_atr0.0 — one run on 51 unseen symbols
2026-09-28 15:02:45,335 INFO Holdout screen >= 3.0%: kept 48 of 51

# Expansion breakout

**34 movers symbols · from 2024-01-01 · 2026-09-28 15:02**

**1 settings tried.** 1 passed.

| Settings | Trades | Won | Lost | Win % | Profit |
|---|---|---|---|---|---|
| `base10_sq4.0_vol1.0_atr0.0` | 205 | 115 | 90 | 56.1% | **+69.7%** |

## Selected

**`base10_sq4.0_vol1.0_atr0.0`**

| | Tuned on | **Never seen** |
|---|---|---|
| Trades | 205 | **207** |
| Won / lost | 115 / 90 | **119 / 88** |
| Win rate | 56.1% | **57.5%** |
| Profit | +69.7% | **+69.3%** |
| Worst drop | -11.89% | **-17.38%** |
| _Buy and hold, same names_ | _+153.3%_ | _+252.4%_ |

**Buy and hold is the row that matters.** A long-only breakout rule in a bull market posts a big number whether or not it has an edge, because the stocks went up. Beating that row is the claim; matching it means the work bought nothing.

### Verdict

**Profitable on stocks it had never seen: +69.3% over 207 trades, 119 winners against 88 losers.** Paper trade it next. Do not re-tune against those stocks - they have been used.
