2026-10-06 03:04:00,947 INFO Day-trade strategy: bigtech
2026-10-06 03:04:08,626 INFO In play today: [('TSLA', 0.93), ('AMD', 0.57), ('NVDA', 1.66), ('META', 0.23), ('AAPL', 1.18), ('MSFT', 1.62)]
2026-10-06 03:04:08,800 INFO 23:04:08 ET · bars through — · 3 trade(s) today · 5 new message(s)

❌ **CLOSED · LOSS · LONG MSFT**  ·  09:38 → 15:55
`Entry    528.99`
`SL       521.68`
`TP       543.63`
`Exit     524.22`  closed at the bell
**-0.69%** · _ORB · Big Tech_

✅ **CLOSED · WIN · LONG NVDA**  ·  09:41 → 15:55
`Entry    237.77`
`SL       235.10`
`TP       243.11`
`Exit     238.82`  closed at the bell
**+0.35%** · _ORB · Big Tech_

⚪ **EXPIRED · LONG AMD**  ·  09:44 ET  ·  seen 799 min late, do not chase
`Entry    631.15`
`SL       619.55`
`TP       654.35`
R:R 1:2.0 · risk 1.84% of price · signal 09:45:00 ET
opening volume 0.6x normal · range 0.42 of daily ATR · gap -0.6% · break-minute volume 0.4x
_ORB · Big Tech · out by 15:55_

❌ **CLOSED · LOSS · LONG AMD**  ·  09:44 → 15:55
`Entry    631.15`
`SL       619.55`
`TP       654.35`
`Exit     630.93`  closed at the bell
**-0.05%** · _ORB · Big Tech_

📊 **Monday 05 October**

**3 trades · 1 won, 2 lost · 33% win rate**
**-0.39%**
❌ MSFT 09:38→15:55  -0.69%
✅ NVDA 09:41→15:55  +0.35%
❌ AMD 09:44→15:55  -0.05%

_Paper only. No orders were placed._
⏱ Signal delay: no live signals · 3 expired
2026-10-06 03:04:10,208 INFO timings {'fetch_1m': 0.407, 'scan': 0.407, 'discord': 1.408, 'total': 1.817}
