2026-10-07 18:49:24,887 INFO Polling every 60s until 16:15 ET
2026-10-07 18:49:55,059 INFO 14:49:24 ET · bars through 14:48 · 5 in play · 5 trade(s) · 6 new

📡 **In play · Wednesday 07 October**
`U        2.9x`
`CMI      2.8x`
`RBLX     2.4x`
`ETN      2.4x`
`ENPH     2.3x`
_ranked by opening volume against their own normal_

⚪ **EXPIRED** · seen 308 min late, do not chase
🔴 **NEW SIGNAL · SHORT U**  ·  09:40 ET
`Entry     45.01`
`SL        46.07`
`TP         none`  held until the stop or 15:55
_In-play · opening range_

⚪ **EXPIRED** · seen 303 min late, do not chase
🟢 **NEW SIGNAL · LONG ENPH**  ·  09:45 ET
`Entry     33.08`
`SL        32.37`
`TP         none`  held until the stop or 15:55
_In-play · opening range_

⚪ **EXPIRED** · seen 303 min late, do not chase
🟢 **NEW SIGNAL · LONG RBLX**  ·  09:45 ET
`Entry     45.54`
`SL        44.36`
`TP         none`  held until the stop or 15:55
_In-play · opening range_

⚪ **EXPIRED** · seen 302 min late, do not chase
🔴 **NEW SIGNAL · SHORT CMI**  ·  09:46 ET
`Entry    522.95`
`SL       528.89`
`TP         none`  held until the stop or 15:55
_In-play · opening range_

⚪ **EXPIRED** · seen 301 min late, do not chase
🔴 **NEW SIGNAL · SHORT ETN**  ·  09:47 ET
`Entry    430.37`
`SL       436.32`
`TP         none`  held until the stop or 15:55
_In-play · opening range_
2026-10-07 18:50:48,630 INFO 14:50:04 ET · bars through 14:49 · 5 in play · 5 trade(s) · 0 new
2026-10-07 18:51:40,368 INFO 14:51:04 ET · bars through 14:50 · 5 in play · 5 trade(s) · 0 new
2026-10-07 18:52:36,004 INFO 14:52:04 ET · bars through 14:51 · 5 in play · 5 trade(s) · 0 new
2026-10-07 18:53:35,522 INFO 14:53:04 ET · bars through 14:52 · 5 in play · 5 trade(s) · 0 new
2026-10-07 18:54:34,778 INFO 14:54:04 ET · bars through 14:53 · 5 in play · 5 trade(s) · 0 new
2026-10-07 18:55:42,047 INFO 14:55:04 ET · bars through 14:54 · 5 in play · 5 trade(s) · 0 new
2026-10-07 18:56:44,077 INFO 14:56:04 ET · bars through 14:55 · 5 in play · 5 trade(s) · 0 new
2026-10-07 18:57:27,483 INFO 14:57:04 ET · bars through 14:56 · 5 in play · 5 trade(s) · 0 new
2026-10-07 18:58:30,155 INFO 14:58:04 ET · bars through 14:57 · 5 in play · 5 trade(s) · 0 new
2026-10-07 18:59:31,211 INFO 14:59:04 ET · bars through 14:58 · 5 in play · 5 trade(s) · 0 new
2026-10-07 19:01:25,358 INFO 15:00:04 ET · bars through 14:59 · 5 in play · 5 trade(s) · 0 new
2026-10-07 19:03:04,008 INFO 15:02:04 ET · bars through 15:01 · 5 in play · 5 trade(s) · 0 new
2026-10-07 19:04:50,595 INFO 15:04:04 ET · bars through 15:03 · 5 in play · 5 trade(s) · 0 new
2026-10-07 19:05:58,671 INFO 15:05:04 ET · bars through 15:04 · 5 in play · 5 trade(s) · 0 new
2026-10-07 19:06:52,267 INFO 15:06:04 ET · bars through 15:05 · 5 in play · 5 trade(s) · 0 new
2026-10-07 19:07:47,741 INFO 15:07:04 ET · bars through 15:06 · 5 in play · 5 trade(s) · 0 new
2026-10-07 19:08:43,110 INFO 15:08:04 ET · bars through 15:07 · 5 in play · 5 trade(s) · 0 new
2026-10-07 19:09:34,377 INFO 15:09:04 ET · bars through 15:08 · 5 in play · 5 trade(s) · 0 new
2026-10-07 19:10:51,633 INFO 15:10:04 ET · bars through 15:09 · 5 in play · 5 trade(s) · 0 new
2026-10-07 19:11:38,193 INFO 15:11:04 ET · bars through 15:10 · 5 in play · 5 trade(s) · 0 new
2026-10-07 19:12:35,715 INFO 15:12:04 ET · bars through 15:11 · 5 in play · 5 trade(s) · 0 new
2026-10-07 19:13:37,961 INFO 15:13:04 ET · bars through 15:12 · 5 in play · 5 trade(s) · 0 new
2026-10-07 19:14:46,836 INFO 15:14:04 ET · bars through 15:13 · 5 in play · 5 trade(s) · 0 new
2026-10-07 19:16:02,053 INFO 15:15:04 ET · bars through 15:14 · 5 in play · 5 trade(s) · 0 new
2026-10-07 19:17:46,043 INFO 15:17:04 ET · bars through 15:16 · 5 in play · 5 trade(s) · 0 new
2026-10-07 19:18:44,159 INFO 15:18:04 ET · bars through 15:17 · 5 in play · 5 trade(s) · 0 new
2026-10-07 19:19:43,199 INFO 15:19:04 ET · bars through 15:18 · 5 in play · 5 trade(s) · 0 new
2026-10-07 19:20:55,829 INFO 15:20:04 ET · bars through 15:19 · 5 in play · 5 trade(s) · 0 new
2026-10-07 19:21:46,661 INFO 15:21:04 ET · bars through 15:20 · 5 in play · 5 trade(s) · 0 new
2026-10-07 19:22:44,036 INFO 15:22:04 ET · bars through 15:21 · 5 in play · 5 trade(s) · 0 new
2026-10-07 19:23:42,154 INFO 15:23:04 ET · bars through 15:22 · 5 in play · 5 trade(s) · 0 new
2026-10-07 19:24:45,363 INFO 15:24:04 ET · bars through 15:23 · 5 in play · 5 trade(s) · 0 new
2026-10-07 19:25:48,917 INFO 15:25:04 ET · bars through 15:24 · 5 in play · 5 trade(s) · 0 new
2026-10-07 19:26:43,308 INFO 15:26:04 ET · bars through 15:25 · 5 in play · 5 trade(s) · 0 new
2026-10-07 19:27:38,593 INFO 15:27:04 ET · bars through 15:26 · 5 in play · 5 trade(s) · 0 new
2026-10-07 19:28:36,924 INFO 15:28:04 ET · bars through 15:27 · 5 in play · 5 trade(s) · 0 new
2026-10-07 19:29:39,072 INFO 15:29:04 ET · bars through 15:28 · 5 in play · 5 trade(s) · 0 new
2026-10-07 19:31:24,821 INFO 15:30:04 ET · bars through 15:29 · 5 in play · 5 trade(s) · 0 new
2026-10-07 19:33:06,825 INFO 15:32:04 ET · bars through 15:31 · 5 in play · 5 trade(s) · 0 new
2026-10-07 19:34:55,409 INFO 15:34:04 ET · bars through 15:33 · 5 in play · 5 trade(s) · 0 new
2026-10-07 19:36:10,476 INFO 15:35:04 ET · bars through 15:34 · 5 in play · 5 trade(s) · 0 new
2026-10-07 19:37:52,231 INFO 15:37:04 ET · bars through 15:36 · 5 in play · 5 trade(s) · 0 new
2026-10-07 19:38:44,584 INFO 15:38:04 ET · bars through 15:37 · 5 in play · 5 trade(s) · 0 new
2026-10-07 19:39:45,737 INFO 15:39:04 ET · bars through 15:38 · 5 in play · 5 trade(s) · 0 new
2026-10-07 19:40:56,792 INFO 15:40:04 ET · bars through 15:39 · 5 in play · 5 trade(s) · 0 new
2026-10-07 19:41:54,107 INFO 15:41:04 ET · bars through 15:40 · 5 in play · 5 trade(s) · 0 new
2026-10-07 19:42:44,209 INFO 15:42:04 ET · bars through 15:41 · 5 in play · 5 trade(s) · 0 new
2026-10-07 19:43:40,059 INFO 15:43:04 ET · bars through 15:42 · 5 in play · 5 trade(s) · 0 new
2026-10-07 19:44:36,880 INFO 15:44:04 ET · bars through 15:43 · 5 in play · 5 trade(s) · 0 new
2026-10-07 19:46:01,486 INFO 15:45:04 ET · bars through 15:44 · 5 in play · 5 trade(s) · 0 new
2026-10-07 19:47:44,369 INFO 15:47:04 ET · bars through 15:46 · 5 in play · 5 trade(s) · 0 new
2026-10-07 19:48:41,538 INFO 15:48:04 ET · bars through 15:47 · 5 in play · 5 trade(s) · 0 new
2026-10-07 19:49:40,635 INFO 15:49:04 ET · bars through 15:48 · 5 in play · 5 trade(s) · 0 new
2026-10-07 19:50:51,009 INFO 15:50:04 ET · bars through 15:49 · 5 in play · 5 trade(s) · 0 new
2026-10-07 19:51:41,742 INFO 15:51:04 ET · bars through 15:50 · 5 in play · 5 trade(s) · 0 new
2026-10-07 19:52:37,742 INFO 15:52:04 ET · bars through 15:51 · 5 in play · 5 trade(s) · 0 new
2026-10-07 19:53:36,139 INFO 15:53:04 ET · bars through 15:52 · 5 in play · 5 trade(s) · 0 new
2026-10-07 19:54:35,828 INFO 15:54:04 ET · bars through 15:53 · 5 in play · 5 trade(s) · 0 new
2026-10-07 19:55:41,880 INFO 15:55:04 ET · bars through 15:54 · 5 in play · 5 trade(s) · 0 new
2026-10-07 19:56:36,831 INFO 15:56:04 ET · bars through 15:55 · 5 in play · 5 trade(s) · 5 new

❌ **CLOSED · LOSS · SHORT U**  ·  09:40 → 15:55
`Entry     45.01`
`SL        46.07`
`TP         none`  held until the stop or 15:55
`Exit      45.41`  close
**-0.38%** · _In-play · opening range_

✅ **CLOSED · WIN · LONG ENPH**  ·  09:45 → 15:55
`Entry     33.08`
`SL        32.37`
`TP         none`  held until the stop or 15:55
`Exit      33.40`  close
**+0.46%** · _In-play · opening range_

✅ **CLOSED · WIN · LONG RBLX**  ·  09:45 → 15:55
`Entry     45.54`
`SL        44.36`
`TP         none`  held until the stop or 15:55
`Exit      46.36`  close
**+0.70%** · _In-play · opening range_

✅ **CLOSED · WIN · SHORT CMI**  ·  09:46 → 15:55
`Entry    522.95`
`SL       528.89`
`TP         none`  held until the stop or 15:55
`Exit     516.12`  close
**+1.15%** · _In-play · opening range_

❌ **CLOSED · LOSS · SHORT ETN**  ·  09:47 → 15:55
`Entry    430.37`
`SL       436.32`
`TP         none`  held until the stop or 15:55
`Exit     431.83`  close
**-0.24%** · _In-play · opening range_
2026-10-07 19:57:33,557 INFO 15:57:04 ET · bars through 15:56 · 5 in play · 5 trade(s) · 0 new
2026-10-07 19:58:33,401 INFO 15:58:04 ET · bars through 15:57 · 5 in play · 5 trade(s) · 0 new
2026-10-07 19:59:30,667 INFO 15:59:04 ET · bars through 15:58 · 5 in play · 5 trade(s) · 0 new
2026-10-07 20:00:44,114 INFO 16:00:04 ET · bars through 15:59 · 5 in play · 5 trade(s) · 1 new

📊 **Wednesday 07 October**

**5 trades · 3 won, 2 lost · 60% win rate**
**+1.69%**
❌ U 09:40→15:55  -0.38%
✅ ENPH 09:45→15:55  +0.46%
✅ RBLX 09:45→15:55  +0.70%
✅ CMI 09:46→15:55  +1.15%
❌ ETN 09:47→15:55  -0.24%

_Paper only. No orders were placed._
2026-10-07 20:01:40,228 INFO 16:01:04 ET · bars through 15:59 · 5 in play · 5 trade(s) · 0 new
2026-10-07 20:02:35,217 INFO 16:02:04 ET · bars through 15:59 · 5 in play · 5 trade(s) · 0 new
2026-10-07 20:03:30,805 INFO 16:03:04 ET · bars through 15:59 · 5 in play · 5 trade(s) · 0 new
2026-10-07 20:04:29,167 INFO 16:04:04 ET · bars through 15:59 · 5 in play · 5 trade(s) · 0 new
2026-10-07 20:05:32,495 INFO 16:05:04 ET · bars through 15:59 · 5 in play · 5 trade(s) · 0 new
2026-10-07 20:06:29,402 INFO 16:06:04 ET · bars through 15:59 · 5 in play · 5 trade(s) · 0 new
2026-10-07 20:07:28,639 INFO 16:07:04 ET · bars through 15:59 · 5 in play · 5 trade(s) · 0 new
2026-10-07 20:08:27,734 INFO 16:08:04 ET · bars through 15:59 · 5 in play · 5 trade(s) · 0 new
2026-10-07 20:09:26,279 INFO 16:09:04 ET · bars through 15:59 · 5 in play · 5 trade(s) · 0 new
2026-10-07 20:10:29,126 INFO 16:10:04 ET · bars through 15:59 · 5 in play · 5 trade(s) · 0 new
2026-10-07 20:11:25,071 INFO 16:11:04 ET · bars through 15:59 · 5 in play · 5 trade(s) · 0 new
2026-10-07 20:12:42,045 INFO ORB paper settled 3 signal(s)
2026-10-07 20:13:04,940 INFO 16:12:42 ET · bars through 15:59 · 5 in play · 5 trade(s) · 0 new
2026-10-07 20:14:22,829 INFO 16:14:04 ET · bars through 15:59 · 5 in play · 5 trade(s) · 0 new
2026-10-07 20:15:04,000 INFO Reached 16:15 ET — done.
