2026-09-30 17:52:57,157 INFO 13:52:55 ET · bars through 13:45 · 16 trade(s) today · 6 new message(s)

🔴 **SHORT META**  ·  13:20 ET
`Entry    734.64`
`SL       736.82`
`TP       730.27`
9 shares · __

🔴 **SHORT MSFT**  ·  13:30 ET
`Entry    517.19`
`SL       518.18`
`TP       515.20`
20 shares · __

❌ **SHORT MSFT**  ·  13:30 → 13:40
`Entry    517.19`
`SL       518.18`
`TP       515.20`
`Exit     518.18`  hit stop
**-1.00%** · __

🔴 **SHORT QQQ**  ·  13:30 ET
`Entry    742.75`
`SL       743.74`
`TP       740.77`
20 shares · __

❌ **SHORT QQQ**  ·  13:30 → 13:45
`Entry    742.75`
`SL       743.74`
`TP       740.77`
`Exit     743.74`  hit stop
**-1.00%** · __

🔴 **SHORT SPY**  ·  13:35 ET
`Entry    767.37`
`SL       768.17`
`TP       765.78`
25 shares · __
