2026-10-02 12:58:49,294 INFO Polling every 45s until 10:05 ET
2026-10-02 12:58:49,544 ERROR Stream unavailable (401 from https://data.alpaca.markets/v2/stocks/bars: <html>
<head><title>401 Authorization Required</title></head>
<body>
<center><h1>401 Authorization Required</h1></center>
<hr><center>nginx</center>
</body>
</html>
) - polling until it is back
2026-10-02 13:00:04,237 ERROR Stream unavailable (401 from https://data.alpaca.markets/v2/stocks/bars: <html>
<head><title>401 Authorization Required</title></head>
<body>
<center><h1>401 Authorization Required</h1></center>
<hr><center>nginx</center>
</body>
</html>
) - polling until it is back
2026-10-02 13:02:04,235 ERROR Stream unavailable (401 from https://data.alpaca.markets/v2/stocks/bars: <html>
<head><title>401 Authorization Required</title></head>
<body>
<center><h1>401 Authorization Required</h1></center>
<hr><center>nginx</center>
</body>
</html>
) - polling until it is back
2026-10-02 13:04:04,236 ERROR Stream unavailable (401 from https://data.alpaca.markets/v2/stocks/bars: <html>
<head><title>401 Authorization Required</title></head>
<body>
<center><h1>401 Authorization Required</h1></center>
<hr><center>nginx</center>
</body>
</html>
) - polling until it is back
2026-10-02 13:06:04,236 ERROR Stream unavailable (401 from https://data.alpaca.markets/v2/stocks/bars: <html>
<head><title>401 Authorization Required</title></head>
<body>
<center><h1>401 Authorization Required</h1></center>
<hr><center>nginx</center>
</body>
</html>
) - polling until it is back
2026-10-02 13:08:04,236 ERROR Stream unavailable (401 from https://data.alpaca.markets/v2/stocks/bars: <html>
<head><title>401 Authorization Required</title></head>
<body>
<center><h1>401 Authorization Required</h1></center>
<hr><center>nginx</center>
</body>
</html>
) - polling until it is back
2026-10-02 13:10:04,237 ERROR Stream unavailable (401 from https://data.alpaca.markets/v2/stocks/bars: <html>
<head><title>401 Authorization Required</title></head>
<body>
<center><h1>401 Authorization Required</h1></center>
<hr><center>nginx</center>
</body>
</html>
) - polling until it is back
2026-10-02 13:12:04,235 ERROR Stream unavailable (401 from https://data.alpaca.markets/v2/stocks/bars: <html>
<head><title>401 Authorization Required</title></head>
<body>
<center><h1>401 Authorization Required</h1></center>
<hr><center>nginx</center>
</body>
</html>
) - polling until it is back
2026-10-02 13:14:04,239 ERROR Stream unavailable (401 from https://data.alpaca.markets/v2/stocks/bars: <html>
<head><title>401 Authorization Required</title></head>
<body>
<center><h1>401 Authorization Required</h1></center>
<hr><center>nginx</center>
</body>
</html>
) - polling until it is back
2026-10-02 13:16:04,242 ERROR Stream unavailable (401 from https://data.alpaca.markets/v2/stocks/bars: <html>
<head><title>401 Authorization Required</title></head>
<body>
<center><h1>401 Authorization Required</h1></center>
<hr><center>nginx</center>
</body>
</html>
) - polling until it is back
2026-10-02 13:18:04,241 ERROR Stream unavailable (401 from https://data.alpaca.markets/v2/stocks/bars: <html>
<head><title>401 Authorization Required</title></head>
<body>
<center><h1>401 Authorization Required</h1></center>
<hr><center>nginx</center>
</body>
</html>
) - polling until it is back
2026-10-02 13:20:04,233 ERROR Stream unavailable (401 from https://data.alpaca.markets/v2/stocks/bars: <html>
<head><title>401 Authorization Required</title></head>
<body>
<center><h1>401 Authorization Required</h1></center>
<hr><center>nginx</center>
</body>
</html>
) - polling until it is back
2026-10-02 13:22:04,237 ERROR Stream unavailable (401 from https://data.alpaca.markets/v2/stocks/bars: <html>
<head><title>401 Authorization Required</title></head>
<body>
<center><h1>401 Authorization Required</h1></center>
<hr><center>nginx</center>
</body>
</html>
) - polling until it is back
2026-10-02 13:24:04,236 ERROR Stream unavailable (401 from https://data.alpaca.markets/v2/stocks/bars: <html>
<head><title>401 Authorization Required</title></head>
<body>
<center><h1>401 Authorization Required</h1></center>
<hr><center>nginx</center>
</body>
</html>
) - polling until it is back
2026-10-02 13:26:04,231 ERROR Stream unavailable (401 from https://data.alpaca.markets/v2/stocks/bars: <html>
<head><title>401 Authorization Required</title></head>
<body>
<center><h1>401 Authorization Required</h1></center>
<hr><center>nginx</center>
</body>
</html>
) - polling until it is back
2026-10-02 13:28:04,477 ERROR Stream unavailable (401 from https://data.alpaca.markets/v2/stocks/bars: <html>
<head><title>401 Authorization Required</title></head>
<body>
<center><h1>401 Authorization Required</h1></center>
<hr><center>nginx</center>
</body>
</html>
) - polling until it is back
2026-10-02 13:30:04,239 ERROR Stream unavailable (401 from https://data.alpaca.markets/v2/stocks/bars: <html>
<head><title>401 Authorization Required</title></head>
<body>
<center><h1>401 Authorization Required</h1></center>
<hr><center>nginx</center>
</body>
</html>
) - polling until it is back
2026-10-02 13:30:04,529 ERROR Opening scan failed: 401 from https://data.alpaca.markets/v2/stocks/bars: <html>
<head><title>401 Authorization Required</title></head>
<body>
<center><h1>401 Authorization Required</h1></center>
<hr><center>nginx</center>
</body>
</html>

2026-10-02 13:30:04,531 INFO 09:30:04 ET · bars through — · 0 trade(s) today · 1 new message(s)

⚠️ **DATA ERROR** · market data request failed (unauthorized: the Alpaca key was rejected, check the repo secrets) · no signals until it recovers
2026-10-02 13:30:04,991 INFO timings {'scan': 0.29, 'discord': 0.46, 'total': 0.751}
2026-10-02 13:31:04,238 ERROR Opening scan failed: 401 from https://data.alpaca.markets/v2/stocks/bars: <html>
<head><title>401 Authorization Required</title></head>
<body>
<center><h1>401 Authorization Required</h1></center>
<hr><center>nginx</center>
</body>
</html>

2026-10-02 13:31:04,240 INFO 09:31:04 ET · bars through — · 0 trade(s) today · 0 new message(s)
2026-10-02 13:31:04,240 INFO timings {'scan': 0.239, 'discord': 0.0, 'total': 0.239}
2026-10-02 13:32:04,233 ERROR Stream unavailable (401 from https://data.alpaca.markets/v2/stocks/bars: <html>
<head><title>401 Authorization Required</title></head>
<body>
<center><h1>401 Authorization Required</h1></center>
<hr><center>nginx</center>
</body>
</html>
) - polling until it is back
2026-10-02 13:32:04,499 ERROR Opening scan failed: 401 from https://data.alpaca.markets/v2/stocks/bars: <html>
<head><title>401 Authorization Required</title></head>
<body>
<center><h1>401 Authorization Required</h1></center>
<hr><center>nginx</center>
</body>
</html>

2026-10-02 13:32:04,501 INFO 09:32:04 ET · bars through — · 0 trade(s) today · 0 new message(s)
2026-10-02 13:32:04,502 INFO timings {'scan': 0.266, 'discord': 0.0, 'total': 0.268}
2026-10-02 13:33:04,230 ERROR Opening scan failed: 401 from https://data.alpaca.markets/v2/stocks/bars: <html>
<head><title>401 Authorization Required</title></head>
<body>
<center><h1>401 Authorization Required</h1></center>
<hr><center>nginx</center>
</body>
</html>

2026-10-02 13:33:04,232 INFO 09:33:04 ET · bars through — · 0 trade(s) today · 0 new message(s)
2026-10-02 13:33:04,232 INFO timings {'scan': 0.231, 'discord': 0.0, 'total': 0.232}
2026-10-02 13:34:04,669 ERROR Stream unavailable (401 from https://data.alpaca.markets/v2/stocks/bars: <html>
<head><title>401 Authorization Required</title></head>
<body>
<center><h1>401 Authorization Required</h1></center>
<hr><center>nginx</center>
</body>
</html>
) - polling until it is back
2026-10-02 13:34:04,918 ERROR Opening scan failed: 401 from https://data.alpaca.markets/v2/stocks/bars: <html>
<head><title>401 Authorization Required</title></head>
<body>
<center><h1>401 Authorization Required</h1></center>
<hr><center>nginx</center>
</body>
</html>

2026-10-02 13:34:04,920 INFO 09:34:04 ET · bars through — · 0 trade(s) today · 0 new message(s)
2026-10-02 13:34:04,920 INFO timings {'scan': 0.249, 'discord': 0.0, 'total': 0.249}
2026-10-02 13:35:04,268 ERROR Opening scan failed: 401 from https://data.alpaca.markets/v2/stocks/bars: <html>
<head><title>401 Authorization Required</title></head>
<body>
<center><h1>401 Authorization Required</h1></center>
<hr><center>nginx</center>
</body>
</html>

2026-10-02 13:35:04,270 INFO 09:35:04 ET · bars through — · 0 trade(s) today · 0 new message(s)
2026-10-02 13:35:04,270 INFO timings {'scan': 0.269, 'discord': 0.0, 'total': 0.27}
2026-10-02 13:36:04,232 ERROR Stream unavailable (401 from https://data.alpaca.markets/v2/stocks/bars: <html>
<head><title>401 Authorization Required</title></head>
<body>
<center><h1>401 Authorization Required</h1></center>
<hr><center>nginx</center>
</body>
</html>
) - polling until it is back
2026-10-02 13:36:04,478 ERROR Opening scan failed: 401 from https://data.alpaca.markets/v2/stocks/bars: <html>
<head><title>401 Authorization Required</title></head>
<body>
<center><h1>401 Authorization Required</h1></center>
<hr><center>nginx</center>
</body>
</html>

2026-10-02 13:36:04,480 INFO 09:36:04 ET · bars through — · 0 trade(s) today · 0 new message(s)
2026-10-02 13:36:04,480 INFO timings {'scan': 0.245, 'discord': 0.0, 'total': 0.246}
2026-10-02 13:37:04,238 ERROR Opening scan failed: 401 from https://data.alpaca.markets/v2/stocks/bars: <html>
<head><title>401 Authorization Required</title></head>
<body>
<center><h1>401 Authorization Required</h1></center>
<hr><center>nginx</center>
</body>
</html>

2026-10-02 13:37:04,240 INFO 09:37:04 ET · bars through — · 0 trade(s) today · 0 new message(s)
2026-10-02 13:37:04,240 INFO timings {'scan': 0.239, 'discord': 0.0, 'total': 0.24}
2026-10-02 13:38:04,248 ERROR Stream unavailable (401 from https://data.alpaca.markets/v2/stocks/bars: <html>
<head><title>401 Authorization Required</title></head>
<body>
<center><h1>401 Authorization Required</h1></center>
<hr><center>nginx</center>
</body>
</html>
) - polling until it is back
2026-10-02 13:38:04,487 ERROR Opening scan failed: 401 from https://data.alpaca.markets/v2/stocks/bars: <html>
<head><title>401 Authorization Required</title></head>
<body>
<center><h1>401 Authorization Required</h1></center>
<hr><center>nginx</center>
</body>
</html>

2026-10-02 13:38:04,489 INFO 09:38:04 ET · bars through — · 0 trade(s) today · 0 new message(s)
2026-10-02 13:38:04,489 INFO timings {'scan': 0.239, 'discord': 0.0, 'total': 0.239}
2026-10-02 13:39:04,598 ERROR Opening scan failed: 401 from https://data.alpaca.markets/v2/stocks/bars: <html>
<head><title>401 Authorization Required</title></head>
<body>
<center><h1>401 Authorization Required</h1></center>
<hr><center>nginx</center>
</body>
</html>

2026-10-02 13:39:04,600 INFO 09:39:04 ET · bars through — · 0 trade(s) today · 0 new message(s)
2026-10-02 13:39:04,600 INFO timings {'scan': 0.599, 'discord': 0.0, 'total': 0.6}
2026-10-02 13:40:04,265 ERROR Stream unavailable (401 from https://data.alpaca.markets/v2/stocks/bars: <html>
<head><title>401 Authorization Required</title></head>
<body>
<center><h1>401 Authorization Required</h1></center>
<hr><center>nginx</center>
</body>
</html>
) - polling until it is back
2026-10-02 13:40:04,681 ERROR Opening scan failed: 401 from https://data.alpaca.markets/v2/stocks/bars: <html>
<head><title>401 Authorization Required</title></head>
<body>
<center><h1>401 Authorization Required</h1></center>
<hr><center>nginx</center>
</body>
</html>

2026-10-02 13:40:04,683 INFO 09:40:04 ET · bars through — · 0 trade(s) today · 0 new message(s)
2026-10-02 13:40:04,683 INFO timings {'scan': 0.415, 'discord': 0.0, 'total': 0.416}
2026-10-02 13:41:04,252 ERROR Opening scan failed: 401 from https://data.alpaca.markets/v2/stocks/bars: <html>
<head><title>401 Authorization Required</title></head>
<body>
<center><h1>401 Authorization Required</h1></center>
<hr><center>nginx</center>
</body>
</html>

2026-10-02 13:41:04,254 INFO 09:41:04 ET · bars through — · 0 trade(s) today · 0 new message(s)
2026-10-02 13:41:04,254 INFO timings {'scan': 0.253, 'discord': 0.0, 'total': 0.254}
2026-10-02 13:42:04,421 ERROR Stream unavailable (401 from https://data.alpaca.markets/v2/stocks/bars: <html>
<head><title>401 Authorization Required</title></head>
<body>
<center><h1>401 Authorization Required</h1></center>
<hr><center>nginx</center>
</body>
</html>
) - polling until it is back
2026-10-02 13:42:04,660 ERROR Opening scan failed: 401 from https://data.alpaca.markets/v2/stocks/bars: <html>
<head><title>401 Authorization Required</title></head>
<body>
<center><h1>401 Authorization Required</h1></center>
<hr><center>nginx</center>
</body>
</html>

2026-10-02 13:42:04,662 INFO 09:42:04 ET · bars through — · 0 trade(s) today · 0 new message(s)
2026-10-02 13:42:04,662 INFO timings {'scan': 0.24, 'discord': 0.0, 'total': 0.24}
2026-10-02 13:43:04,237 ERROR Opening scan failed: 401 from https://data.alpaca.markets/v2/stocks/bars: <html>
<head><title>401 Authorization Required</title></head>
<body>
<center><h1>401 Authorization Required</h1></center>
<hr><center>nginx</center>
</body>
</html>

2026-10-02 13:43:04,239 INFO 09:43:04 ET · bars through — · 0 trade(s) today · 0 new message(s)
2026-10-02 13:43:04,239 INFO timings {'scan': 0.238, 'discord': 0.0, 'total': 0.239}
2026-10-02 13:44:04,237 ERROR Stream unavailable (401 from https://data.alpaca.markets/v2/stocks/bars: <html>
<head><title>401 Authorization Required</title></head>
<body>
<center><h1>401 Authorization Required</h1></center>
<hr><center>nginx</center>
</body>
</html>
) - polling until it is back
2026-10-02 13:44:04,481 ERROR Opening scan failed: 401 from https://data.alpaca.markets/v2/stocks/bars: <html>
<head><title>401 Authorization Required</title></head>
<body>
<center><h1>401 Authorization Required</h1></center>
<hr><center>nginx</center>
</body>
</html>

2026-10-02 13:44:04,483 INFO 09:44:04 ET · bars through — · 0 trade(s) today · 0 new message(s)
2026-10-02 13:44:04,483 INFO timings {'scan': 0.244, 'discord': 0.0, 'total': 0.245}
2026-10-02 13:45:04,236 ERROR Retest scan failed: 401 from https://data.alpaca.markets/v2/stocks/bars: <html>
<head><title>401 Authorization Required</title></head>
<body>
<center><h1>401 Authorization Required</h1></center>
<hr><center>nginx</center>
</body>
</html>

2026-10-02 13:45:04,477 ERROR Opening scan failed: 401 from https://data.alpaca.markets/v2/stocks/bars: <html>
<head><title>401 Authorization Required</title></head>
<body>
<center><h1>401 Authorization Required</h1></center>
<hr><center>nginx</center>
</body>
</html>

2026-10-02 13:45:04,479 INFO 09:45:04 ET · bars through — · 0 trade(s) today · 0 new message(s)
2026-10-02 13:45:04,479 INFO timings {'scan': 0.478, 'discord': 0.0, 'total': 0.478}
2026-10-02 13:46:04,235 ERROR Stream unavailable (401 from https://data.alpaca.markets/v2/stocks/bars: <html>
<head><title>401 Authorization Required</title></head>
<body>
<center><h1>401 Authorization Required</h1></center>
<hr><center>nginx</center>
</body>
</html>
) - polling until it is back
2026-10-02 13:46:04,473 ERROR Retest scan failed: 401 from https://data.alpaca.markets/v2/stocks/bars: <html>
<head><title>401 Authorization Required</title></head>
<body>
<center><h1>401 Authorization Required</h1></center>
<hr><center>nginx</center>
</body>
</html>

2026-10-02 13:46:04,766 ERROR Opening scan failed: 401 from https://data.alpaca.markets/v2/stocks/bars: <html>
<head><title>401 Authorization Required</title></head>
<body>
<center><h1>401 Authorization Required</h1></center>
<hr><center>nginx</center>
</body>
</html>

2026-10-02 13:46:04,768 INFO 09:46:04 ET · bars through — · 0 trade(s) today · 0 new message(s)
2026-10-02 13:46:04,768 INFO timings {'scan': 0.532, 'discord': 0.0, 'total': 0.533}
2026-10-02 13:47:04,240 ERROR Retest scan failed: 401 from https://data.alpaca.markets/v2/stocks/bars: <html>
<head><title>401 Authorization Required</title></head>
<body>
<center><h1>401 Authorization Required</h1></center>
<hr><center>nginx</center>
</body>
</html>

2026-10-02 13:47:04,472 ERROR Opening scan failed: 401 from https://data.alpaca.markets/v2/stocks/bars: <html>
<head><title>401 Authorization Required</title></head>
<body>
<center><h1>401 Authorization Required</h1></center>
<hr><center>nginx</center>
</body>
</html>

2026-10-02 13:47:04,474 INFO 09:47:04 ET · bars through — · 0 trade(s) today · 0 new message(s)
2026-10-02 13:47:04,474 INFO timings {'scan': 0.473, 'discord': 0.0, 'total': 0.474}
2026-10-02 13:48:04,234 ERROR Stream unavailable (401 from https://data.alpaca.markets/v2/stocks/bars: <html>
<head><title>401 Authorization Required</title></head>
<body>
<center><h1>401 Authorization Required</h1></center>
<hr><center>nginx</center>
</body>
</html>
) - polling until it is back
2026-10-02 13:48:04,484 ERROR Retest scan failed: 401 from https://data.alpaca.markets/v2/stocks/bars: <html>
<head><title>401 Authorization Required</title></head>
<body>
<center><h1>401 Authorization Required</h1></center>
<hr><center>nginx</center>
</body>
</html>

2026-10-02 13:48:04,710 ERROR Opening scan failed: 401 from https://data.alpaca.markets/v2/stocks/bars: <html>
<head><title>401 Authorization Required</title></head>
<body>
<center><h1>401 Authorization Required</h1></center>
<hr><center>nginx</center>
</body>
</html>

2026-10-02 13:48:04,712 INFO 09:48:04 ET · bars through — · 0 trade(s) today · 0 new message(s)
2026-10-02 13:48:04,712 INFO timings {'scan': 0.476, 'discord': 0.0, 'total': 0.477}
2026-10-02 13:49:04,230 ERROR Retest scan failed: 401 from https://data.alpaca.markets/v2/stocks/bars: <html>
<head><title>401 Authorization Required</title></head>
<body>
<center><h1>401 Authorization Required</h1></center>
<hr><center>nginx</center>
</body>
</html>

2026-10-02 13:49:04,474 ERROR Opening scan failed: 401 from https://data.alpaca.markets/v2/stocks/bars: <html>
<head><title>401 Authorization Required</title></head>
<body>
<center><h1>401 Authorization Required</h1></center>
<hr><center>nginx</center>
</body>
</html>

2026-10-02 13:49:04,476 INFO 09:49:04 ET · bars through — · 0 trade(s) today · 0 new message(s)
2026-10-02 13:49:04,476 INFO timings {'scan': 0.475, 'discord': 0.0, 'total': 0.476}
2026-10-02 13:50:04,236 ERROR Stream unavailable (401 from https://data.alpaca.markets/v2/stocks/bars: <html>
<head><title>401 Authorization Required</title></head>
<body>
<center><h1>401 Authorization Required</h1></center>
<hr><center>nginx</center>
</body>
</html>
) - polling until it is back
2026-10-02 13:50:04,482 ERROR Retest scan failed: 401 from https://data.alpaca.markets/v2/stocks/bars: <html>
<head><title>401 Authorization Required</title></head>
<body>
<center><h1>401 Authorization Required</h1></center>
<hr><center>nginx</center>
</body>
</html>

2026-10-02 13:50:04,740 ERROR Opening scan failed: 401 from https://data.alpaca.markets/v2/stocks/bars: <html>
<head><title>401 Authorization Required</title></head>
<body>
<center><h1>401 Authorization Required</h1></center>
<hr><center>nginx</center>
</body>
</html>

2026-10-02 13:50:04,742 INFO 09:50:04 ET · bars through — · 0 trade(s) today · 0 new message(s)
2026-10-02 13:50:04,742 INFO timings {'scan': 0.504, 'discord': 0.0, 'total': 0.505}
2026-10-02 13:51:04,228 ERROR Retest scan failed: 401 from https://data.alpaca.markets/v2/stocks/bars: <html>
<head><title>401 Authorization Required</title></head>
<body>
<center><h1>401 Authorization Required</h1></center>
<hr><center>nginx</center>
</body>
</html>

2026-10-02 13:51:04,475 ERROR Opening scan failed: 401 from https://data.alpaca.markets/v2/stocks/bars: <html>
<head><title>401 Authorization Required</title></head>
<body>
<center><h1>401 Authorization Required</h1></center>
<hr><center>nginx</center>
</body>
</html>

2026-10-02 13:51:04,477 INFO 09:51:04 ET · bars through — · 0 trade(s) today · 0 new message(s)
2026-10-02 13:51:04,477 INFO timings {'scan': 0.476, 'discord': 0.0, 'total': 0.477}
2026-10-02 13:52:04,241 ERROR Stream unavailable (401 from https://data.alpaca.markets/v2/stocks/bars: <html>
<head><title>401 Authorization Required</title></head>
<body>
<center><h1>401 Authorization Required</h1></center>
<hr><center>nginx</center>
</body>
</html>
) - polling until it is back
2026-10-02 13:52:04,503 ERROR Retest scan failed: 401 from https://data.alpaca.markets/v2/stocks/bars: <html>
<head><title>401 Authorization Required</title></head>
<body>
<center><h1>401 Authorization Required</h1></center>
<hr><center>nginx</center>
</body>
</html>

2026-10-02 13:52:04,731 ERROR Opening scan failed: 401 from https://data.alpaca.markets/v2/stocks/bars: <html>
<head><title>401 Authorization Required</title></head>
<body>
<center><h1>401 Authorization Required</h1></center>
<hr><center>nginx</center>
</body>
</html>

2026-10-02 13:52:04,733 INFO 09:52:04 ET · bars through — · 0 trade(s) today · 0 new message(s)
2026-10-02 13:52:04,733 INFO timings {'scan': 0.49, 'discord': 0.0, 'total': 0.491}
2026-10-02 13:53:04,234 ERROR Retest scan failed: 401 from https://data.alpaca.markets/v2/stocks/bars: <html>
<head><title>401 Authorization Required</title></head>
<body>
<center><h1>401 Authorization Required</h1></center>
<hr><center>nginx</center>
</body>
</html>

2026-10-02 13:53:04,768 ERROR Opening scan failed: 401 from https://data.alpaca.markets/v2/stocks/bars: <html>
<head><title>401 Authorization Required</title></head>
<body>
<center><h1>401 Authorization Required</h1></center>
<hr><center>nginx</center>
</body>
</html>

2026-10-02 13:53:04,770 INFO 09:53:04 ET · bars through — · 0 trade(s) today · 0 new message(s)
2026-10-02 13:53:04,770 INFO timings {'scan': 0.769, 'discord': 0.0, 'total': 0.77}
2026-10-02 13:54:04,244 ERROR Stream unavailable (401 from https://data.alpaca.markets/v2/stocks/bars: <html>
<head><title>401 Authorization Required</title></head>
<body>
<center><h1>401 Authorization Required</h1></center>
<hr><center>nginx</center>
</body>
</html>
) - polling until it is back
2026-10-02 13:54:04,506 ERROR Retest scan failed: 401 from https://data.alpaca.markets/v2/stocks/bars: <html>
<head><title>401 Authorization Required</title></head>
<body>
<center><h1>401 Authorization Required</h1></center>
<hr><center>nginx</center>
</body>
</html>

2026-10-02 13:54:04,740 ERROR Opening scan failed: 401 from https://data.alpaca.markets/v2/stocks/bars: <html>
<head><title>401 Authorization Required</title></head>
<body>
<center><h1>401 Authorization Required</h1></center>
<hr><center>nginx</center>
</body>
</html>

2026-10-02 13:54:04,742 INFO 09:54:04 ET · bars through — · 0 trade(s) today · 0 new message(s)
2026-10-02 13:54:04,742 INFO timings {'scan': 0.496, 'discord': 0.0, 'total': 0.497}
2026-10-02 13:55:04,255 ERROR Retest scan failed: 401 from https://data.alpaca.markets/v2/stocks/bars: <html>
<head><title>401 Authorization Required</title></head>
<body>
<center><h1>401 Authorization Required</h1></center>
<hr><center>nginx</center>
</body>
</html>

2026-10-02 13:55:04,492 ERROR Opening scan failed: 401 from https://data.alpaca.markets/v2/stocks/bars: <html>
<head><title>401 Authorization Required</title></head>
<body>
<center><h1>401 Authorization Required</h1></center>
<hr><center>nginx</center>
</body>
</html>

2026-10-02 13:55:04,493 INFO 09:55:04 ET · bars through — · 0 trade(s) today · 0 new message(s)
2026-10-02 13:55:04,493 INFO timings {'scan': 0.493, 'discord': 0.0, 'total': 0.493}
2026-10-02 13:56:04,231 ERROR Stream unavailable (401 from https://data.alpaca.markets/v2/stocks/bars: <html>
<head><title>401 Authorization Required</title></head>
<body>
<center><h1>401 Authorization Required</h1></center>
<hr><center>nginx</center>
</body>
</html>
) - polling until it is back
2026-10-02 13:56:04,468 ERROR Retest scan failed: 401 from https://data.alpaca.markets/v2/stocks/bars: <html>
<head><title>401 Authorization Required</title></head>
<body>
<center><h1>401 Authorization Required</h1></center>
<hr><center>nginx</center>
</body>
</html>

2026-10-02 13:56:04,714 ERROR Opening scan failed: 401 from https://data.alpaca.markets/v2/stocks/bars: <html>
<head><title>401 Authorization Required</title></head>
<body>
<center><h1>401 Authorization Required</h1></center>
<hr><center>nginx</center>
</body>
</html>

2026-10-02 13:56:04,716 INFO 09:56:04 ET · bars through — · 0 trade(s) today · 0 new message(s)
2026-10-02 13:56:04,716 INFO timings {'scan': 0.483, 'discord': 0.0, 'total': 0.484}
2026-10-02 13:57:04,238 ERROR Retest scan failed: 401 from https://data.alpaca.markets/v2/stocks/bars: <html>
<head><title>401 Authorization Required</title></head>
<body>
<center><h1>401 Authorization Required</h1></center>
<hr><center>nginx</center>
</body>
</html>

2026-10-02 13:57:04,486 ERROR Opening scan failed: 401 from https://data.alpaca.markets/v2/stocks/bars: <html>
<head><title>401 Authorization Required</title></head>
<body>
<center><h1>401 Authorization Required</h1></center>
<hr><center>nginx</center>
</body>
</html>

2026-10-02 13:57:04,487 INFO 09:57:04 ET · bars through — · 0 trade(s) today · 0 new message(s)
2026-10-02 13:57:04,488 INFO timings {'scan': 0.487, 'discord': 0.0, 'total': 0.487}
2026-10-02 13:58:04,233 ERROR Stream unavailable (401 from https://data.alpaca.markets/v2/stocks/bars: <html>
<head><title>401 Authorization Required</title></head>
<body>
<center><h1>401 Authorization Required</h1></center>
<hr><center>nginx</center>
</body>
</html>
) - polling until it is back
2026-10-02 13:58:04,479 ERROR Retest scan failed: 401 from https://data.alpaca.markets/v2/stocks/bars: <html>
<head><title>401 Authorization Required</title></head>
<body>
<center><h1>401 Authorization Required</h1></center>
<hr><center>nginx</center>
</body>
</html>

2026-10-02 13:58:04,720 ERROR Opening scan failed: 401 from https://data.alpaca.markets/v2/stocks/bars: <html>
<head><title>401 Authorization Required</title></head>
<body>
<center><h1>401 Authorization Required</h1></center>
<hr><center>nginx</center>
</body>
</html>

2026-10-02 13:58:04,722 INFO 09:58:04 ET · bars through — · 0 trade(s) today · 0 new message(s)
2026-10-02 13:58:04,722 INFO timings {'scan': 0.488, 'discord': 0.0, 'total': 0.488}
2026-10-02 13:59:04,234 ERROR Retest scan failed: 401 from https://data.alpaca.markets/v2/stocks/bars: <html>
<head><title>401 Authorization Required</title></head>
<body>
<center><h1>401 Authorization Required</h1></center>
<hr><center>nginx</center>
</body>
</html>

2026-10-02 13:59:04,475 ERROR Opening scan failed: 401 from https://data.alpaca.markets/v2/stocks/bars: <html>
<head><title>401 Authorization Required</title></head>
<body>
<center><h1>401 Authorization Required</h1></center>
<hr><center>nginx</center>
</body>
</html>

2026-10-02 13:59:04,477 INFO 09:59:04 ET · bars through — · 0 trade(s) today · 0 new message(s)
2026-10-02 13:59:04,478 INFO timings {'scan': 0.477, 'discord': 0.0, 'total': 0.477}
2026-10-02 14:00:04,238 ERROR Stream unavailable (401 from https://data.alpaca.markets/v2/stocks/bars: <html>
<head><title>401 Authorization Required</title></head>
<body>
<center><h1>401 Authorization Required</h1></center>
<hr><center>nginx</center>
</body>
</html>
) - polling until it is back
2026-10-02 14:00:04,482 ERROR Retest scan failed: 401 from https://data.alpaca.markets/v2/stocks/bars: <html>
<head><title>401 Authorization Required</title></head>
<body>
<center><h1>401 Authorization Required</h1></center>
<hr><center>nginx</center>
</body>
</html>

2026-10-02 14:00:04,730 ERROR Opening scan failed: 401 from https://data.alpaca.markets/v2/stocks/bars: <html>
<head><title>401 Authorization Required</title></head>
<body>
<center><h1>401 Authorization Required</h1></center>
<hr><center>nginx</center>
</body>
</html>

2026-10-02 14:00:04,732 INFO 10:00:04 ET · bars through — · 0 trade(s) today · 1 new message(s)

⚠️ **DATA ERROR** · market data request failed (unauthorized: the Alpaca key was rejected, check the repo secrets) · no signals until it recovers
2026-10-02 14:00:05,061 INFO timings {'scan': 0.492, 'discord': 0.329, 'total': 0.822}
2026-10-02 14:01:04,552 ERROR Retest scan failed: 401 from https://data.alpaca.markets/v2/stocks/bars: <html>
<head><title>401 Authorization Required</title></head>
<body>
<center><h1>401 Authorization Required</h1></center>
<hr><center>nginx</center>
</body>
</html>

2026-10-02 14:01:04,803 ERROR Opening scan failed: 401 from https://data.alpaca.markets/v2/stocks/bars: <html>
<head><title>401 Authorization Required</title></head>
<body>
<center><h1>401 Authorization Required</h1></center>
<hr><center>nginx</center>
</body>
</html>

2026-10-02 14:01:04,805 INFO 10:01:04 ET · bars through — · 0 trade(s) today · 0 new message(s)
2026-10-02 14:01:04,805 INFO timings {'scan': 0.804, 'discord': 0.0, 'total': 0.805}
2026-10-02 14:02:04,249 ERROR Stream unavailable (401 from https://data.alpaca.markets/v2/stocks/bars: <html>
<head><title>401 Authorization Required</title></head>
<body>
<center><h1>401 Authorization Required</h1></center>
<hr><center>nginx</center>
</body>
</html>
) - polling until it is back
2026-10-02 14:02:04,487 ERROR Retest scan failed: 401 from https://data.alpaca.markets/v2/stocks/bars: <html>
<head><title>401 Authorization Required</title></head>
<body>
<center><h1>401 Authorization Required</h1></center>
<hr><center>nginx</center>
</body>
</html>

2026-10-02 14:02:04,717 ERROR Opening scan failed: 401 from https://data.alpaca.markets/v2/stocks/bars: <html>
<head><title>401 Authorization Required</title></head>
<body>
<center><h1>401 Authorization Required</h1></center>
<hr><center>nginx</center>
</body>
</html>

2026-10-02 14:02:04,719 INFO 10:02:04 ET · bars through — · 0 trade(s) today · 0 new message(s)
2026-10-02 14:02:04,719 INFO timings {'scan': 0.468, 'discord': 0.0, 'total': 0.469}
2026-10-02 14:03:04,252 ERROR Retest scan failed: 401 from https://data.alpaca.markets/v2/stocks/bars: <html>
<head><title>401 Authorization Required</title></head>
<body>
<center><h1>401 Authorization Required</h1></center>
<hr><center>nginx</center>
</body>
</html>

2026-10-02 14:03:04,496 ERROR Opening scan failed: 401 from https://data.alpaca.markets/v2/stocks/bars: <html>
<head><title>401 Authorization Required</title></head>
<body>
<center><h1>401 Authorization Required</h1></center>
<hr><center>nginx</center>
</body>
</html>

2026-10-02 14:03:04,498 INFO 10:03:04 ET · bars through — · 0 trade(s) today · 0 new message(s)
2026-10-02 14:03:04,498 INFO timings {'scan': 0.497, 'discord': 0.0, 'total': 0.498}
2026-10-02 14:04:04,233 ERROR Stream unavailable (401 from https://data.alpaca.markets/v2/stocks/bars: <html>
<head><title>401 Authorization Required</title></head>
<body>
<center><h1>401 Authorization Required</h1></center>
<hr><center>nginx</center>
</body>
</html>
) - polling until it is back
2026-10-02 14:04:04,483 ERROR Retest scan failed: 401 from https://data.alpaca.markets/v2/stocks/bars: <html>
<head><title>401 Authorization Required</title></head>
<body>
<center><h1>401 Authorization Required</h1></center>
<hr><center>nginx</center>
</body>
</html>

2026-10-02 14:04:04,718 ERROR Opening scan failed: 401 from https://data.alpaca.markets/v2/stocks/bars: <html>
<head><title>401 Authorization Required</title></head>
<body>
<center><h1>401 Authorization Required</h1></center>
<hr><center>nginx</center>
</body>
</html>

2026-10-02 14:04:04,720 INFO 10:04:04 ET · bars through — · 0 trade(s) today · 0 new message(s)
2026-10-02 14:04:04,720 INFO timings {'scan': 0.485, 'discord': 0.0, 'total': 0.486}
2026-10-02 14:05:04,000 INFO Stream session over at 10:05:04 ET.
