2026-09-28 22:14:10,074 INFO Fetching 1-minute extended-hours bars from 2026-06-25 for 12 symbols
2026-09-28 22:14:17,858 INFO Usable: 12 symbols, 309192 bars total
2026-09-28 22:14:17,922 INFO Explore 44 days (2026-06-25..2026-08-26), holdout 22 days (2026-08-27..2026-09-28)
2026-09-28 22:14:18,578 INFO Premarket health: {'days': 792, 'median_pre_bars': 2, 'days_with_no_premarket': 222, 'days_under_30_bars': 783, 'pct_usable': 1.1}
2026-09-28 22:14:20,212 INFO drive/level/1.5R/OR5m        n=450   win=38.0% profit=-72.8%
2026-09-28 22:14:21,776 INFO drive/level/1.5R/OR15m       n=320   win=38.1% profit=-49.7%
2026-09-28 22:14:23,620 INFO drive/level/2.0R/OR5m        n=450   win=33.6% profit=-62.5%
2026-09-28 22:14:25,272 INFO drive/level/2.0R/OR15m       n=320   win=33.8% profit=-37.5%
2026-09-28 22:14:27,335 INFO drive/level/3.0R/OR5m        n=450   win=28.9% profit=-46.5%
2026-09-28 22:14:29,183 INFO drive/level/3.0R/OR15m       n=320   win=30.9% profit=+4.1%
2026-09-28 22:14:32,713 INFO drive/session/1.5R/OR5m      n=450   win=46.4% profit=-11.7%
2026-09-28 22:14:35,978 INFO drive/session/1.5R/OR15m     n=320   win=44.1% profit=-14.4%
2026-09-28 22:14:39,667 INFO drive/session/2.0R/OR5m      n=450   win=46.2% profit=-4.5%
2026-09-28 22:14:42,983 INFO drive/session/2.0R/OR15m     n=320   win=44.1% profit=-12.4%
2026-09-28 22:14:46,769 INFO drive/session/3.0R/OR5m      n=450   win=46.2% profit=-1.1%
2026-09-28 22:14:50,109 INFO drive/session/3.0R/OR15m     n=320   win=44.1% profit=-16.1%
2026-09-28 22:14:51,613 INFO retest/level/1.5R/OR5m       n=199   win=35.7% profit=-40.4%
2026-09-28 22:14:53,048 INFO retest/level/1.5R/OR15m      n=123   win=39.0% profit=-17.0%
2026-09-28 22:14:54,651 INFO retest/level/2.0R/OR5m       n=199   win=31.2% profit=-32.9%
2026-09-28 22:14:56,122 INFO retest/level/2.0R/OR15m      n=123   win=35.8% profit=-9.8%
2026-09-28 22:14:57,826 INFO retest/level/3.0R/OR5m       n=199   win=26.6% profit=-25.3%
2026-09-28 22:14:59,376 INFO retest/level/3.0R/OR15m      n=123   win=31.7% profit=+0.7%
2026-09-28 22:15:01,714 INFO retest/session/1.5R/OR5m     n=199   win=43.7% profit=-5.7%
2026-09-28 22:15:03,787 INFO retest/session/1.5R/OR15m    n=123   win=48.8% profit=+1.2%
2026-09-28 22:15:06,194 INFO retest/session/2.0R/OR5m     n=199   win=43.7% profit=-4.7%
2026-09-28 22:15:08,272 INFO retest/session/2.0R/OR15m    n=123   win=48.8% profit=+3.1%
2026-09-28 22:15:10,735 INFO retest/session/3.0R/OR5m     n=199   win=43.7% profit=-4.7%
2026-09-28 22:15:12,856 INFO retest/session/3.0R/OR15m    n=123   win=48.8% profit=+2.3%
# Opening range breakout — core

1-minute bars · 66 trading days (2026-06-25 to 2026-09-28) · 12 symbols
Window 09:30–10:00 ET · levels: the session's own opening range · hold limit 120 min · slippage 0.05% each way

## Does the free feed have a usable premarket?

- 792 symbol-days examined
- median premarket bars per day: **2**
- days with no premarket at all: 222
- days with fewer than 30 premarket bars: 783
- **1.1% of days have a usable premarket**

> The premarket on this feed is too thin to trust. Premarket levels are still tested below, but a result that depends on them is a result built on 2% of the volume.

## Every configuration, explore split only

| rule | trades | win % | won | lost | profit % | avg/trade |
|---|---|---|---|---|---|---|
| drive/level/3.0R/OR15m | 320 | 30.9% | 99 | 221 | +4.1% | +0.013% |
| retest/session/2.0R/OR15m | 123 | 48.8% | 60 | 63 | +3.1% | +0.025% |
| retest/session/3.0R/OR15m | 123 | 48.8% | 60 | 63 | +2.3% | +0.019% |
| retest/session/1.5R/OR15m | 123 | 48.8% | 60 | 63 | +1.2% | +0.010% |
| retest/level/3.0R/OR15m | 123 | 31.7% | 39 | 84 | +0.7% | +0.006% |
| drive/session/3.0R/OR5m | 450 | 46.2% | 208 | 242 | -1.1% | -0.002% |
| drive/session/2.0R/OR5m | 450 | 46.2% | 208 | 242 | -4.5% | -0.010% |
| retest/session/2.0R/OR5m | 199 | 43.7% | 87 | 112 | -4.7% | -0.024% |
| retest/session/3.0R/OR5m | 199 | 43.7% | 87 | 112 | -4.7% | -0.024% |
| retest/session/1.5R/OR5m | 199 | 43.7% | 87 | 112 | -5.7% | -0.029% |
| retest/level/2.0R/OR15m | 123 | 35.8% | 44 | 79 | -9.8% | -0.080% |
| drive/session/1.5R/OR5m | 450 | 46.4% | 209 | 241 | -11.7% | -0.026% |
| drive/session/2.0R/OR15m | 320 | 44.1% | 141 | 179 | -12.4% | -0.039% |
| drive/session/1.5R/OR15m | 320 | 44.1% | 141 | 179 | -14.4% | -0.045% |
| drive/session/3.0R/OR15m | 320 | 44.1% | 141 | 179 | -16.1% | -0.050% |
| retest/level/1.5R/OR15m | 123 | 39.0% | 48 | 75 | -17.0% | -0.138% |
| retest/level/3.0R/OR5m | 199 | 26.6% | 53 | 146 | -25.3% | -0.127% |
| retest/level/2.0R/OR5m | 199 | 31.2% | 62 | 137 | -32.9% | -0.165% |
| drive/level/2.0R/OR15m | 320 | 33.8% | 108 | 212 | -37.5% | -0.117% |
| retest/level/1.5R/OR5m | 199 | 35.7% | 71 | 128 | -40.4% | -0.203% |
| drive/level/3.0R/OR5m | 450 | 28.9% | 130 | 320 | -46.5% | -0.103% |
| drive/level/1.5R/OR15m | 320 | 38.1% | 122 | 198 | -49.7% | -0.155% |
| drive/level/2.0R/OR5m | 450 | 33.6% | 151 | 299 | -62.5% | -0.139% |
| drive/level/1.5R/OR5m | 450 | 38.0% | 171 | 279 | -72.8% | -0.162% |

## The best one, then the same rule on dates it never saw

**drive/level/3.0R/OR15m**

| rule | trades | win % | won | lost | profit % | avg/trade |
|---|---|---|---|---|---|---|
| explore | 320 | 30.9% | 99 | 221 | +4.1% | +0.013% |
| holdout (unseen) | 133 | 27.1% | 36 | 97 | -30.4% | -0.229% |

- break-even win rate at 3.0R: **25.0%**
- best-of-24 noise floor on the explore split: **±6.1%** win rate

## Verdict

- **The best explore configuration loses money on unseen dates.** That is the signature of a fitted result, and it is the same thing every configuration search in this project has produced. Do not deploy it.
- The explore edge (30.9% versus 25.0% break-even) is inside the ±6.1% band that searching 24 configurations produces on random data.

## By level — which price actually matters

| rule | trades | win % | won | lost | profit % | avg/trade |
|---|---|---|---|---|---|---|
| orh | 234 | 28.2% | 66 | 168 | -32.0% | -0.137% |
| orl | 219 | 31.5% | 69 | 150 | +5.7% | +0.026% |

## By side

| rule | trades | win % | won | lost | profit % | avg/trade |
|---|---|---|---|---|---|---|
| short | 219 | 31.5% | 69 | 150 | +5.7% | +0.026% |
| long | 234 | 28.2% | 66 | 168 | -32.0% | -0.137% |

