2026-09-25 20:39:27,992 INFO Fetching 1-minute bars for TSLA, NVDA, AAPL, AMD from 2024-06-01
2026-09-25 20:39:46,924 INFO Got 888707 one-minute bars
2026-09-25 20:39:46,924 INFO timeframe 1m: 888707 bars
2026-09-25 20:39:47,061 INFO timeframe 2m: 448835 bars
2026-09-25 20:39:47,131 INFO timeframe 5m: 179847 bars
2026-09-25 20:39:47,200 INFO Testing 5 periods: 2024-06-03→2024-11-15, 2024-11-15→2025-05-08, 2025-05-08→2025-10-23, 2025-10-23→2026-04-13, 2026-04-13→2026-09-26
2026-09-25 20:40:05,001 INFO   current-rules                @  1m  n=141  exp=-0.066R  positive in 1/5 periods
2026-09-25 20:40:22,959 INFO   faithful                     @  1m  n=142  exp=-0.041R  positive in 2/5 periods
2026-09-25 20:40:41,041 INFO   faithful +late-entries       @  1m  n=148  exp=-0.041R  positive in 3/5 periods
2026-09-25 20:40:58,790 INFO   faithful +15min-range        @  1m  n=53   exp=+0.168R  positive in 3/4 periods
2026-09-25 20:41:16,261 INFO   faithful -displacement       @  1m  n=496  exp=-0.100R  positive in 0/5 periods
2026-09-25 20:41:34,084 INFO   faithful -stop-after-win     @  1m  n=144  exp=-0.049R  positive in 2/5 periods
2026-09-25 20:41:51,872 INFO   faithful +shorts-off         @  1m  n=68   exp=-0.016R  positive in 3/5 periods
2026-09-25 20:42:09,599 INFO   faithful +3R-target          @  1m  n=144  exp=-0.084R  positive in 1/5 periods
2026-09-25 20:42:27,197 INFO   faithful +no-breakeven       @  1m  n=142  exp=-0.098R  positive in 1/5 periods
2026-09-25 20:42:45,091 INFO   faithful +loose-volume       @  1m  n=139  exp=-0.088R  positive in 2/5 periods
2026-09-25 20:43:03,419 INFO   faithful +partial-at-1R      @  1m  n=141  exp=-0.028R  positive in 2/5 periods
2026-09-25 20:43:21,282 INFO   faithful +tight-window       @  1m  n=141  exp=-0.054R  positive in 2/5 periods
2026-09-25 20:43:39,244 INFO   faithful +fast-retest-only   @  1m  n=68   exp=+0.151R  positive in 4/5 periods
2026-09-25 20:43:57,366 INFO   faithful +strong-volume      @  1m  n=133  exp=-0.074R  positive in 2/5 periods
2026-09-25 20:44:15,242 INFO   faithful +momentum-exits     @  1m  n=141  exp=-0.066R  positive in 1/5 periods
2026-09-25 20:44:33,232 INFO   faithful +momentum +1H       @  1m  n=81   exp=-0.090R  positive in 1/5 periods
2026-09-25 20:44:51,082 INFO   faithful +1H-context         @  1m  n=82   exp=+0.009R  positive in 2/5 periods
2026-09-25 20:45:08,893 INFO   faithful +momentum 5-candle  @  1m  n=141  exp=-0.063R  positive in 1/5 periods
2026-09-25 20:45:26,674 INFO   faithful +momentum arm0.8    @  1m  n=141  exp=-0.100R  positive in 2/5 periods
2026-09-25 20:45:44,303 INFO   faithful +momentum arm1.2    @  1m  n=141  exp=-0.090R  positive in 3/5 periods
2026-09-25 20:46:01,982 INFO   faithful +momentum no-BE     @  1m  n=141  exp=-0.125R  positive in 1/5 periods
2026-09-25 20:46:13,751 INFO   current-rules                @  2m  n=162  exp=-0.097R  positive in 1/5 periods
2026-09-25 20:46:25,414 INFO   faithful                     @  2m  n=162  exp=-0.201R  positive in 0/5 periods
2026-09-25 20:46:37,198 INFO   faithful +late-entries       @  2m  n=173  exp=-0.166R  positive in 1/5 periods
2026-09-25 20:46:48,735 INFO   faithful +15min-range        @  2m  n=98   exp=-0.198R  positive in 1/5 periods
2026-09-25 20:47:00,270 INFO   faithful -displacement       @  2m  n=382  exp=-0.153R  positive in 1/5 periods
2026-09-25 20:47:11,945 INFO   faithful -stop-after-win     @  2m  n=166  exp=-0.188R  positive in 0/5 periods
2026-09-25 20:47:23,589 INFO   faithful +shorts-off         @  2m  n=87   exp=-0.015R  positive in 3/5 periods
2026-09-25 20:47:35,205 INFO   faithful +3R-target          @  2m  n=164  exp=-0.218R  positive in 0/5 periods
2026-09-25 20:47:46,804 INFO   faithful +no-breakeven       @  2m  n=162  exp=-0.177R  positive in 1/5 periods
2026-09-25 20:47:58,327 INFO   faithful +loose-volume       @  2m  n=185  exp=-0.211R  positive in 1/5 periods
2026-09-25 20:48:09,915 INFO   faithful +partial-at-1R      @  2m  n=161  exp=-0.220R  positive in 0/5 periods
2026-09-25 20:48:21,525 INFO   faithful +tight-window       @  2m  n=146  exp=-0.214R  positive in 0/5 periods
2026-09-25 20:48:33,079 INFO   faithful +fast-retest-only   @  2m  n=87   exp=-0.275R  positive in 0/5 periods
2026-09-25 20:48:45,068 INFO   faithful +strong-volume      @  2m  n=109  exp=-0.045R  positive in 2/5 periods
2026-09-25 20:48:56,657 INFO   faithful +momentum-exits     @  2m  n=162  exp=-0.097R  positive in 1/5 periods
2026-09-25 20:49:08,284 INFO   faithful +momentum +1H       @  2m  n=88   exp=-0.073R  positive in 2/5 periods
2026-09-25 20:49:19,943 INFO   faithful +1H-context         @  2m  n=88   exp=-0.159R  positive in 2/5 periods
2026-09-25 20:49:31,508 INFO   faithful +momentum 5-candle  @  2m  n=162  exp=-0.085R  positive in 1/5 periods
2026-09-25 20:49:43,079 INFO   faithful +momentum arm0.8    @  2m  n=162  exp=-0.178R  positive in 1/5 periods
2026-09-25 20:49:54,620 INFO   faithful +momentum arm1.2    @  2m  n=162  exp=-0.228R  positive in 1/5 periods
2026-09-25 20:50:06,267 INFO   faithful +momentum no-BE     @  2m  n=162  exp=-0.241R  positive in 1/5 periods
2026-09-25 20:50:13,956 INFO   current-rules                @  5m  n=196  exp=-0.073R  positive in 1/5 periods
2026-09-25 20:50:21,696 INFO   faithful                     @  5m  n=196  exp=-0.011R  positive in 3/5 periods
2026-09-25 20:50:29,558 INFO   faithful +late-entries       @  5m  n=243  exp=-0.085R  positive in 1/5 periods
2026-09-25 20:50:37,274 INFO   faithful +15min-range        @  5m  n=93   exp=-0.309R  positive in 0/5 periods
2026-09-25 20:50:44,971 INFO   faithful -displacement       @  5m  n=246  exp=-0.033R  positive in 1/5 periods
2026-09-25 20:50:52,669 INFO   faithful -stop-after-win     @  5m  n=196  exp=-0.011R  positive in 3/5 periods
2026-09-25 20:51:00,380 INFO   faithful +shorts-off         @  5m  n=115  exp=-0.157R  positive in 1/5 periods
2026-09-25 20:51:08,069 INFO   faithful +3R-target          @  5m  n=196  exp=-0.064R  positive in 2/5 periods
2026-09-25 20:51:15,788 INFO   faithful +no-breakeven       @  5m  n=196  exp=-0.025R  positive in 2/5 periods
2026-09-25 20:51:23,405 INFO   faithful +loose-volume       @  5m  n=231  exp=+0.012R  positive in 2/5 periods
2026-09-25 20:51:31,091 INFO   faithful +partial-at-1R      @  5m  n=195  exp=-0.027R  positive in 3/5 periods
2026-09-25 20:51:38,714 INFO   faithful +tight-window       @  5m  n=159  exp=+0.056R  positive in 3/5 periods
2026-09-25 20:51:46,395 INFO   faithful +fast-retest-only   @  5m  n=130  exp=+0.008R  positive in 4/5 periods
2026-09-25 20:51:54,127 INFO   faithful +strong-volume      @  5m  n=141  exp=+0.046R  positive in 3/5 periods
2026-09-25 20:52:01,824 INFO   faithful +momentum-exits     @  5m  n=196  exp=-0.073R  positive in 1/5 periods
2026-09-25 20:52:09,520 INFO   faithful +momentum +1H       @  5m  n=115  exp=-0.046R  positive in 2/5 periods
2026-09-25 20:52:17,231 INFO   faithful +1H-context         @  5m  n=115  exp=+0.045R  positive in 3/5 periods
2026-09-25 20:52:24,920 INFO   faithful +momentum 5-candle  @  5m  n=196  exp=-0.073R  positive in 1/5 periods
2026-09-25 20:52:32,585 INFO   faithful +momentum arm0.8    @  5m  n=196  exp=-0.006R  positive in 3/5 periods
2026-09-25 20:52:40,362 INFO   faithful +momentum arm1.2    @  5m  n=196  exp=-0.010R  positive in 3/5 periods
2026-09-25 20:52:48,018 INFO   faithful +momentum no-BE     @  5m  n=196  exp=-0.014R  positive in 2/5 periods

# Rule sweep — consistency across market periods

**Symbols:** TSLA, NVDA, AAPL, AMD  
**Period:** 2024-06-01 → today  
**Generated:** 2026-09-25 20:52

The period is cut into consecutive chunks and every rule set is scored in each one separately. **Consistency is the column that matters.** A rule set that only works in one chunk was carried by that market, not by its rules.

| TF | Variant | Trades | Expectancy | Total R | **Positive in** | Worst period | Max DD |
|---|---|---|---|---|---|---|---|
| 1m | faithful +fast-retest-only | 68 ⚠ | +0.151R | +10.3 | **4/5** | -0.207R | -2.71% |
| 5m | faithful +fast-retest-only | 130 | +0.008R | +1.0 | **4/5** | -0.228R | -6.21% |
| 1m | faithful +15min-range | 53 ⚠ | +0.168R | +8.9 | **3/4** | -0.527R | -2.56% |
| 5m | faithful +tight-window | 159 | +0.056R | +8.9 | **3/5** | -0.184R | -5.42% |
| 5m | faithful +strong-volume | 141 | +0.046R | +6.4 | **3/5** | -0.183R | -5.74% |
| 5m | faithful +1H-context | 115 | +0.045R | +5.2 | **3/5** | -0.153R | -3.44% |
| 5m | faithful +momentum arm0.8 | 196 | -0.006R | -1.2 | **3/5** | -0.199R | -6.3% |
| 5m | faithful +momentum arm1.2 | 196 | -0.010R | -2.0 | **3/5** | -0.273R | -6.3% |
| 5m | faithful | 196 | -0.011R | -2.2 | **3/5** | -0.150R | -6.13% |
| 5m | faithful -stop-after-win | 196 | -0.011R | -2.2 | **3/5** | -0.150R | -6.13% |
| 2m | faithful +shorts-off | 87 ⚠ | -0.015R | -1.3 | **3/5** | -0.442R | -4.44% |
| 1m | faithful +shorts-off | 68 ⚠ | -0.016R | -1.1 | **3/5** | -0.610R | -3.42% |
| 5m | faithful +partial-at-1R | 195 | -0.027R | -5.2 | **3/5** | -0.198R | -6.19% |
| 1m | faithful +late-entries | 148 | -0.041R | -6.0 | **3/5** | -0.248R | -7.43% |
| 1m | faithful +momentum arm1.2 | 141 | -0.090R | -12.6 | **3/5** | -0.280R | -7.53% |
| 5m | faithful +loose-volume | 231 | +0.012R | +2.7 | **2/5** | -0.245R | -8.94% |
| 1m | faithful +1H-context | 82 ⚠ | +0.009R | +0.8 | **2/5** | -0.272R | -3.81% |
| 5m | faithful +momentum no-BE | 196 | -0.014R | -2.8 | **2/5** | -0.242R | -6.3% |
| 5m | faithful +no-breakeven | 196 | -0.025R | -5.0 | **2/5** | -0.133R | -6.82% |
| 1m | faithful +partial-at-1R | 141 | -0.028R | -4.0 | **2/5** | -0.255R | -7.14% |
| 1m | faithful | 142 | -0.041R | -5.9 | **2/5** | -0.251R | -6.99% |
| 2m | faithful +strong-volume | 109 | -0.045R | -4.9 | **2/5** | -0.600R | -5.3% |
| 5m | faithful +momentum +1H | 115 | -0.046R | -5.2 | **2/5** | -0.200R | -3.15% |
| 1m | faithful -stop-after-win | 144 | -0.049R | -7.1 | **2/5** | -0.251R | -6.99% |
| 1m | faithful +tight-window | 141 | -0.054R | -7.6 | **2/5** | -0.251R | -6.99% |
| 5m | faithful +3R-target | 196 | -0.064R | -12.5 | **2/5** | -0.300R | -7.0% |
| 2m | faithful +momentum +1H | 88 ⚠ | -0.073R | -6.4 | **2/5** | -0.426R | -4.81% |
| 1m | faithful +strong-volume | 133 | -0.074R | -9.8 | **2/5** | -0.346R | -4.63% |
| 1m | faithful +loose-volume | 139 | -0.088R | -12.2 | **2/5** | -0.336R | -5.81% |
| 1m | faithful +momentum arm0.8 | 141 | -0.100R | -14.1 | **2/5** | -0.280R | -7.53% |
| 2m | faithful +1H-context | 88 ⚠ | -0.159R | -14.0 | **2/5** | -0.742R | -6.56% |
| 5m | faithful -displacement | 246 | -0.033R | -8.0 | **1/5** | -0.147R | -7.86% |
| 1m | faithful +momentum 5-candle | 141 | -0.063R | -8.9 | **1/5** | -0.156R | -4.28% |
| 1m | current-rules | 141 | -0.066R | -9.4 | **1/5** | -0.157R | -4.5% |
| 1m | faithful +momentum-exits | 141 | -0.066R | -9.4 | **1/5** | -0.157R | -4.5% |
| 5m | current-rules | 196 | -0.073R | -14.3 | **1/5** | -0.161R | -6.29% |
| 5m | faithful +momentum-exits | 196 | -0.073R | -14.3 | **1/5** | -0.161R | -6.29% |
| 5m | faithful +momentum 5-candle | 196 | -0.073R | -14.3 | **1/5** | -0.161R | -6.29% |
| 1m | faithful +3R-target | 144 | -0.084R | -12.1 | **1/5** | -0.246R | -9.18% |
| 2m | faithful +momentum 5-candle | 162 | -0.085R | -13.8 | **1/5** | -0.307R | -5.31% |
| 5m | faithful +late-entries | 243 | -0.085R | -20.6 | **1/5** | -0.258R | -7.56% |
| 1m | faithful +momentum +1H | 81 ⚠ | -0.090R | -7.3 | **1/5** | -0.185R | -3.17% |
| 2m | current-rules | 162 | -0.097R | -15.6 | **1/5** | -0.307R | -5.31% |
| 2m | faithful +momentum-exits | 162 | -0.097R | -15.6 | **1/5** | -0.307R | -5.31% |
| 1m | faithful +no-breakeven | 142 | -0.098R | -14.0 | **1/5** | -0.279R | -8.09% |
| 1m | faithful +momentum no-BE | 141 | -0.125R | -17.6 | **1/5** | -0.291R | -8.09% |
| 2m | faithful -displacement | 382 | -0.153R | -58.3 | **1/5** | -0.341R | -12.67% |
| 5m | faithful +shorts-off | 115 | -0.157R | -18.1 | **1/5** | -0.574R | -5.36% |
| 2m | faithful +late-entries | 173 | -0.166R | -28.7 | **1/5** | -0.541R | -9.69% |
| 2m | faithful +no-breakeven | 162 | -0.177R | -28.7 | **1/5** | -0.520R | -9.31% |
| 2m | faithful +momentum arm0.8 | 162 | -0.178R | -28.9 | **1/5** | -0.480R | -8.87% |
| 2m | faithful +15min-range | 98 ⚠ | -0.198R | -19.4 | **1/5** | -0.588R | -5.54% |
| 2m | faithful +loose-volume | 185 | -0.211R | -39.1 | **1/5** | -0.415R | -10.59% |
| 2m | faithful +momentum arm1.2 | 162 | -0.228R | -36.9 | **1/5** | -0.514R | -9.42% |
| 2m | faithful +momentum no-BE | 162 | -0.241R | -39.1 | **1/5** | -0.549R | -9.89% |
| 1m | faithful -displacement | 496 | -0.100R | -49.7 | **0/5** | -0.211R | -9.14% |
| 2m | faithful -stop-after-win | 166 | -0.188R | -31.2 | **0/5** | -0.527R | -9.21% |
| 2m | faithful | 162 | -0.201R | -32.5 | **0/5** | -0.527R | -9.21% |
| 2m | faithful +tight-window | 146 | -0.214R | -31.2 | **0/5** | -0.536R | -7.83% |
| 2m | faithful +3R-target | 164 | -0.218R | -35.7 | **0/5** | -0.463R | -8.29% |
| 2m | faithful +partial-at-1R | 161 | -0.220R | -35.5 | **0/5** | -0.527R | -9.16% |
| 2m | faithful +fast-retest-only | 87 ⚠ | -0.275R | -24.0 | **0/5** | -0.665R | -6.5% |
| 5m | faithful +15min-range | 93 ⚠ | -0.309R | -28.8 | **0/5** | -0.688R | -6.54% |

## Verdict

**1 rule set(s) were profitable overall AND positive in all but at most one period, on 100+ trades.**

- `faithful +fast-retest-only` @ 5m — +0.008R over 130 trades, positive in 4/5 periods, worst -0.228R, max DD -6.21%

That is the strongest evidence a backtest can give, and it is still not proof. Before money: re-run on symbols not in this list, confirm the drawdown is one you could sit through, and paper-trade the live signals for several months. Free IEX data understates volume, so the volume filter behaves differently live than it does here.

## Notes

- Slippage 0.03% each side; a bar touching both stop and target is scored as a loss.
- A period needs 5+ trades to be scored at all.
- `faithful` = published method: 5-minute opening range, entries 09:30-11:00, displacement before retest, 2 attempts, done after a win.
- Each `faithful +/-x` changes exactly ONE rule, so the gap to `faithful` prices that rule.
