2026-09-26 01:53:01,432 INFO Fetching daily bars for 40 research symbols from 2021-08-19 (trading from 2023-01-01)
2026-09-26 01:53:03,284 INFO 40 symbols, 51190 total daily bars
2026-09-26 01:53:03,285 INFO Scoring 39 configurations across 4 periods
2026-09-26 01:53:04,897 INFO   ema10_tgt0.0_trail1_stop0.3        n=532   exp=+0.0216R  positive 3/4
2026-09-26 01:53:06,513 INFO   ema10_tgt0.0_trail1_stop0.5        n=475   exp=-0.0324R  positive 3/4
2026-09-26 01:53:08,133 INFO   ema10_tgt0.0_trail1_stop1.0        n=386   exp=-0.0132R  positive 2/4
2026-09-26 01:53:09,775 INFO   ema10_tgt2.0_trail1_stop0.3        n=592   exp=+0.0262R  positive 3/4
2026-09-26 01:53:11,400 INFO   ema10_tgt2.0_trail1_stop0.5        n=554   exp=-0.0094R  positive 2/4
2026-09-26 01:53:13,023 INFO   ema10_tgt2.0_trail1_stop1.0        n=419   exp=+0.0086R  positive 2/4
2026-09-26 01:53:14,627 INFO   ema10_tgt2.0_trail0_stop0.3        n=461   exp=-0.0017R  positive 2/4
2026-09-26 01:53:16,192 INFO   ema10_tgt2.0_trail0_stop0.5        n=426   exp=-0.0345R  positive 2/4
2026-09-26 01:53:17,762 INFO   ema10_tgt2.0_trail0_stop1.0        n=334   exp=-0.0219R  positive 2/4
2026-09-26 01:53:19,412 INFO   ema10_tgt3.0_trail1_stop0.3        n=559   exp=+0.0651R  positive 3/4
2026-09-26 01:53:21,038 INFO   ema10_tgt3.0_trail1_stop0.5        n=514   exp=+0.0134R  positive 3/4
2026-09-26 01:53:22,629 INFO   ema10_tgt3.0_trail1_stop1.0        n=403   exp=+0.0089R  positive 2/4
2026-09-26 01:53:24,216 INFO   ema10_tgt3.0_trail0_stop0.3        n=361   exp=+0.0460R  positive 3/4
2026-09-26 01:53:25,813 INFO   ema10_tgt3.0_trail0_stop0.5        n=342   exp=+0.0406R  positive 3/4
2026-09-26 01:53:27,368 INFO   ema10_tgt3.0_trail0_stop1.0        n=265   exp=+0.0543R  positive 2/4
2026-09-26 01:53:29,008 INFO   ema20_tgt0.0_trail1_stop0.3        n=443   exp=+0.0291R  positive 2/4
2026-09-26 01:53:30,594 INFO   ema20_tgt0.0_trail1_stop0.5        n=403   exp=+0.1102R  positive 3/4
2026-09-26 01:53:32,183 INFO   ema20_tgt0.0_trail1_stop1.0        n=320   exp=+0.0984R  positive 3/4
2026-09-26 01:53:33,793 INFO   ema20_tgt2.0_trail1_stop0.3        n=580   exp=-0.0184R  positive 2/4
2026-09-26 01:53:35,419 INFO   ema20_tgt2.0_trail1_stop0.5        n=498   exp=+0.0576R  positive 3/4
2026-09-26 01:53:37,016 INFO   ema20_tgt2.0_trail1_stop1.0        n=381   exp=+0.0299R  positive 3/4
2026-09-26 01:53:38,574 INFO   ema20_tgt2.0_trail0_stop0.3        n=478   exp=-0.0255R  positive 2/4
2026-09-26 01:53:40,135 INFO   ema20_tgt2.0_trail0_stop0.5        n=400   exp=+0.0635R  positive 2/4
2026-09-26 01:53:41,703 INFO   ema20_tgt2.0_trail0_stop1.0        n=327   exp=-0.0080R  positive 1/4
2026-09-26 01:53:43,309 INFO   ema20_tgt3.0_trail1_stop0.3        n=525   exp=+0.0229R  positive 3/4
2026-09-26 01:53:44,915 INFO   ema20_tgt3.0_trail1_stop0.5        n=454   exp=+0.0493R  positive 3/4
2026-09-26 01:53:46,511 INFO   ema20_tgt3.0_trail1_stop1.0        n=355   exp=+0.0014R  positive 1/4
2026-09-26 01:53:48,050 INFO   ema20_tgt3.0_trail0_stop0.3        n=371   exp=+0.0375R  positive 3/4
2026-09-26 01:53:49,615 INFO   ema20_tgt3.0_trail0_stop0.5        n=341   exp=-0.0249R  positive 1/4
2026-09-26 01:53:51,149 INFO   ema20_tgt3.0_trail0_stop1.0        n=261   exp=+0.0092R  positive 2/4
2026-09-26 01:53:52,688 INFO   ema10_tgt3.0_stop0.3_slope0.5      n=516   exp=+0.0707R  positive 2/4
2026-09-26 01:53:54,206 INFO   ema10_tgt3.0_stop0.3_slope1.0      n=516   exp=+0.0680R  positive 3/4
2026-09-26 01:53:55,619 INFO   ema10_tgt3.0_stop0.3_slope2.0      n=373   exp=+0.1477R  positive 3/4
2026-09-26 01:53:57,127 INFO   ema20_tgt0.0_stop0.5_slope0.5      n=367   exp=+0.0529R  positive 3/4
2026-09-26 01:53:58,597 INFO   ema20_tgt0.0_stop0.5_slope1.0      n=344   exp=+0.0613R  positive 3/4
2026-09-26 01:53:59,905 INFO   ema20_tgt0.0_stop0.5_slope2.0      n=251   exp=+0.0817R  positive 1/4
2026-09-26 01:54:01,430 INFO   ema20_tgt2.0_stop0.5_slope0.5      n=457   exp=-0.0013R  positive 2/4
2026-09-26 01:54:02,906 INFO   ema20_tgt2.0_stop0.5_slope1.0      n=413   exp=-0.0039R  positive 2/4
2026-09-26 01:54:04,192 INFO   ema20_tgt2.0_stop0.5_slope2.0      n=289   exp=+0.0311R  positive 1/4
2026-09-26 01:54:04,193 INFO Winner ema10_tgt3.0_stop0.3_slope2.0 — single holdout run on 30 unseen symbols

# Daily trend pullback

**Research:** 40 large caps · trading from 2023-01-01 · daily bars (indicators warmed on earlier history)  
**Locked holdout:** 30 different companies (insurers, financials, industrials, materials) — opened once, at the end  
**Generated:** 2026-09-26 01:54

**39 configurations tried.** 17 passed.

| Configuration | Trades | Expectancy | Positive in | Worst period | Max DD |
|---|---|---|---|---|---|
| `ema10_tgt3.0_stop0.3_slope2.0` | 373 | +0.1477R | 3/4 | -0.0306R | -18.65% |
| `ema20_tgt0.0_trail1_stop0.5` | 403 | +0.1102R | 3/4 | -0.1706R | -25.57% |
| `ema20_tgt0.0_trail1_stop1.0` | 320 | +0.0984R | 3/4 | -0.2818R | -26.13% |
| `ema20_tgt0.0_stop0.5_slope2.0` | 251 | +0.0817R | 1/4 | -0.1628R | -19.2% |
| `ema10_tgt3.0_stop0.3_slope0.5` | 516 | +0.0707R | 2/4 | -0.0637R | -27.13% |
| `ema10_tgt3.0_stop0.3_slope1.0` | 516 | +0.0680R | 3/4 | -0.0528R | -24.86% |
| `ema10_tgt3.0_trail1_stop0.3` | 559 | +0.0651R | 3/4 | -0.0818R | -30.79% |
| `ema20_tgt2.0_trail0_stop0.5` | 400 | +0.0635R | 2/4 | -0.0092R | -24.41% |
| `ema20_tgt0.0_stop0.5_slope1.0` | 344 | +0.0613R | 3/4 | -0.1932R | -26.57% |
| `ema20_tgt2.0_trail1_stop0.5` | 498 | +0.0576R | 3/4 | -0.0821R | -21.94% |
| `ema10_tgt3.0_trail0_stop1.0` | 265 | +0.0543R | 2/4 | -0.2247R | -26.6% |
| `ema20_tgt0.0_stop0.5_slope0.5` | 367 | +0.0529R | 3/4 | -0.2613R | -29.77% |

## Selected configuration

**`ema10_tgt3.0_stop0.3_slope2.0`** — {"fast": 10, "mid": 50, "slow": 200, "touch_atr": 0.25, "touch_window": 3, "trend_bars": 10, "stop_atr": 0.3, "target_r": 3.0, "trail_ema": true, "trail_after_r": 1.0, "max_hold": 60, "risk_pct": 1.0, "max_open": 8, "slope_bars": 20, "min_slope_atr": 2.0, "cooldown_bars": 0}

| | Research | **Holdout (unseen companies)** |
|---|---|---|
| Trades | 373 | **350** |
| Expectancy | +0.1477R | **+0.1437R** |
| Total R | +55.1 | **+50.3** |
| Positive in | 3/4 | **3/4** |
| Win rate | — | **48.3%** |
| Return (1% risk) | — | **61.3%** |
| Max drawdown | -18.65% | **-21.94%** |

### Verdict

**Held up on companies it had never seen.**

At this horizon that is a meaningful result — daily trend following has real academic support, unlike the intraday patterns tested earlier. Still: paper trade it, check the drawdown is one you could actually sit through, and do not re-tune against this holdout. It has been spent.
