2026-09-29 19:48:32,110 INFO Fetching 1-minute extended-hours bars from 2026-06-26 for 12 symbols
2026-09-29 19:48:49,915 INFO Usable: 12 symbols, 308894 bars total
2026-09-29 19:48:49,916 INFO ranges [5, 15, 30, 60] · stop room [0.0, 2.0] · targets [2.0, 'level']
2026-09-29 19:49:15,363 INFO or  5m pad +0.0% target 2.0    explore +6.8%  holdout -22.2%
2026-09-29 19:49:29,795 INFO or  5m pad +0.0% target level  explore +1.4%  holdout -18.9%
2026-09-29 19:49:51,096 INFO or  5m pad +2.0% target 2.0    explore +19.9%  holdout -6.0%
2026-09-29 19:50:12,405 INFO or  5m pad +2.0% target level  explore +19.1%  holdout -5.5%
2026-09-29 19:50:25,037 INFO or 15m pad +0.0% target 2.0    explore -13.6%  holdout +5.4%
2026-09-29 19:50:37,505 INFO or 15m pad +0.0% target level  explore -11.8%  holdout +5.4%
2026-09-29 19:50:52,596 INFO or 15m pad +2.0% target 2.0    explore -0.5%  holdout +4.7%
2026-09-29 19:51:07,478 INFO or 15m pad +2.0% target level  explore -0.5%  holdout +4.7%
2026-09-29 19:51:11,440 INFO or 30m pad +0.0% target 2.0    explore -5.4%  holdout +4.2%
2026-09-29 19:51:15,379 INFO or 30m pad +0.0% target level  explore -5.4%  holdout +4.2%
2026-09-29 19:51:19,402 INFO or 30m pad +2.0% target 2.0    explore -2.5%  holdout +2.7%
2026-09-29 19:51:23,412 INFO or 30m pad +2.0% target level  explore -2.5%  holdout +2.7%
2026-09-29 19:51:25,743 INFO or 60m pad +0.0% target 2.0    explore +0.0%  holdout +0.0%
2026-09-29 19:51:28,064 INFO or 60m pad +0.0% target level  explore +0.0%  holdout +0.0%
2026-09-29 19:51:30,399 INFO or 60m pad +2.0% target 2.0    explore +0.0%  holdout +0.0%
2026-09-29 19:51:32,748 INFO or 60m pad +2.0% target level  explore +0.0%  holdout +0.0%
# Opening range, stop width and target

## 2026-09-29 — the losers, with more room on the stop

| symbol | as traded | stop +2.0% |
|---|---|---|
| AVGO | -1.03% (stop) | **+0.07%** (open) |
| AMD | -1.03% (stop) | **+0.09%** (open) |
| TSLA | -0.13% (open) | **-0.06%** (open) |
| GOOGL | -0.53% (open) | **-0.12%** (open) |
| AMZN | -1.09% (stop) | **-0.19%** (open) |
| MSFT | -1.05% (stop) | **-0.41%** (open) |
| MU | -1.03% (stop) | **-0.14%** (open) |
| PLTR | -0.13% (open) | **-0.05%** (open) |
| META | -1.05% (stop) | **-0.71%** (open) |

| stop room | day total | won | lost |
|---|---|---|---|
| +0.0% | **-4.48%** | 2 | 9 |
| +2.0% | **-0.46%** | 4 | 7 |

## Every stop width and target, 66 days (2026-06-26 to 2026-09-29)

Explore = first 44 days, holdout = last 22. Stop room is extra distance beyond the rule's own stop, as a percent of the entry price.

### Explore

| range | stop room | target | trades | win % | won | lost | avg win | avg loss | profit % |
|---|---|---|---|---|---|---|---|---|---|
| 5m | +0.0% | 2x | 450 | 46.2% | 208 | 242 | +1.01% | -0.84% | +6.8% |
| 5m | +0.0% | next level | 450 | 46.4% | 209 | 241 | +0.98% | -0.85% | +1.4% |
| 5m | +2.0% | 2x | 450 | 52.7% | 237 | 213 | +0.45% | -0.41% | +19.9% |
| 5m | +2.0% | next level | 450 | 52.7% | 237 | 213 | +0.45% | -0.41% | +19.1% |
| 15m | +0.0% | 2x | 322 | 45.7% | 147 | 175 | +0.74% | -0.70% | -13.6% |
| 15m | +0.0% | next level | 322 | 46.0% | 148 | 174 | +0.74% | -0.70% | -11.8% |
| 15m | +2.0% | 2x | 322 | 48.4% | 156 | 166 | +0.36% | -0.34% | -0.5% |
| 15m | +2.0% | next level | 322 | 48.4% | 156 | 166 | +0.36% | -0.34% | -0.5% |
| 30m | +0.0% | 2x | 40 | 42.5% | 17 | 23 | +0.35% | -0.49% | -5.4% |
| 30m | +0.0% | next level | 40 | 42.5% | 17 | 23 | +0.35% | -0.49% | -5.4% |
| 30m | +2.0% | 2x | 39 | 43.6% | 17 | 22 | +0.21% | -0.27% | -2.5% |
| 30m | +2.0% | next level | 39 | 43.6% | 17 | 22 | +0.21% | -0.27% | -2.5% |
| 60m | +0.0% | 2x | 0 | 0.0% | 0 | 0 | +0.00% | +0.00% | +0.0% |
| 60m | +0.0% | next level | 0 | 0.0% | 0 | 0 | +0.00% | +0.00% | +0.0% |
| 60m | +2.0% | 2x | 0 | 0.0% | 0 | 0 | +0.00% | +0.00% | +0.0% |
| 60m | +2.0% | next level | 0 | 0.0% | 0 | 0 | +0.00% | +0.00% | +0.0% |

### Holdout (never used to choose anything)

| range | stop room | target | trades | win % | won | lost | avg win | avg loss | profit % |
|---|---|---|---|---|---|---|---|---|---|
| 5m | +0.0% | 2x | 216 | 41.7% | 90 | 126 | +0.91% | -0.82% | -22.2% |
| 5m | +0.0% | next level | 216 | 42.1% | 91 | 125 | +0.93% | -0.83% | -18.9% |
| 5m | +2.0% | 2x | 210 | 48.1% | 101 | 109 | +0.33% | -0.36% | -6.0% |
| 5m | +2.0% | next level | 210 | 48.1% | 101 | 109 | +0.33% | -0.36% | -5.5% |
| 15m | +0.0% | 2x | 128 | 53.1% | 68 | 60 | +0.71% | -0.72% | +5.4% |
| 15m | +0.0% | next level | 128 | 53.1% | 68 | 60 | +0.71% | -0.72% | +5.4% |
| 15m | +2.0% | 2x | 125 | 55.2% | 69 | 56 | +0.30% | -0.29% | +4.7% |
| 15m | +2.0% | next level | 125 | 55.2% | 69 | 56 | +0.30% | -0.29% | +4.7% |
| 30m | +0.0% | 2x | 22 | 63.6% | 14 | 8 | +0.59% | -0.51% | +4.2% |
| 30m | +0.0% | next level | 22 | 63.6% | 14 | 8 | +0.59% | -0.51% | +4.2% |
| 30m | +2.0% | 2x | 22 | 68.2% | 15 | 7 | +0.26% | -0.17% | +2.7% |
| 30m | +2.0% | next level | 22 | 68.2% | 15 | 7 | +0.26% | -0.17% | +2.7% |
| 60m | +0.0% | 2x | 0 | 0.0% | 0 | 0 | +0.00% | +0.00% | +0.0% |
| 60m | +0.0% | next level | 0 | 0.0% | 0 | 0 | +0.00% | +0.00% | +0.0% |
| 60m | +2.0% | 2x | 0 | 0.0% | 0 | 0 | +0.00% | +0.00% | +0.0% |
| 60m | +2.0% | next level | 0 | 0.0% | 0 | 0 | +0.00% | +0.00% | +0.0% |

### Did the level target actually get used?

| stop room | trades aiming at a real level | of |
|---|---|---|
| +0.0% | 90 | 450 |
| +2.0% | 17 | 450 |

### What the extra room actually buys, at the live target

| stop room | losers rescued | losers made worse | net profit % |
|---|---|---|---|
| +2.0% | 32 | 0 | +13.1% |

### Verdict

- Best on explore: 5m range, +2.0% room, 2.0, +19.9%.
- On the holdout that setting makes -6.0%, so it is a preference of the explore dates. Ignore it.

